
> video@1.0.0 render:vox
> remotion render VoxExplain out/vox.mp4

Bundling 8%
Bundling 24%
Bundling 43%
Bundling 55%
Bundling 64%
Bundling 70%
Bundling 75%
Bundling 81%
Bundling 87%
Bundling 93%
Bundling 100%
Copying public dir 10.8 MB
Copying public dir 21.6 MB
Copying public dir 32.5 MB
Copying public dir 43.9 MB
Copying public dir 44.9 MB
Copying public dir 45.1 MB
Getting composition
Composition          VoxExplain
Codec                h264
Output               out/vox.mp4
Concurrency          4x
Rendered 0/1013
Rendered 1/1013, time remaining: 25m 37s
Rendered 2/1013, time remaining: 14m 20s
Rendered 3/1013, time remaining: 9m 34s
Rendered 4/1013, time remaining: 7m 12s
Rendered 5/1013, time remaining: 6m 37s
Rendered 6/1013, time remaining: 5m 48s
Rendered 7/1013, time remaining: 5m 4s
Rendered 8/1013, time remaining: 4m 36s
Rendered 9/1013, time remaining: 4m 26s
Rendered 10/1013, time remaining: 4m 7s
Rendered 11/1013, time remaining: 3m 47s
Rendered 12/1013, time remaining: 3m 34s
Rendered 13/1013, time remaining: 3m 33s
Rendered 14/1013, time remaining: 3m 22s
Rendered 15/1013, time remaining: 3m 13s
Rendered 16/1013, time remaining: 3m 3s
Rendered 17/1013, time remaining: 3m 6s
Rendered 18/1013, time remaining: 3m 1s
Rendered 19/1013, time remaining: 2m 54s
Rendered 20/1013, time remaining: 2m 47s
Rendered 21/1013, time remaining: 2m 48s
Rendered 22/1013, time remaining: 2m 43s
Rendered 23/1013, time remaining: 2m 42s
Rendered 24/1013, time remaining: 2m 38s
Rendered 25/1013, time remaining: 2m 34s
Rendered 26/1013, time remaining: 2m 29s
Rendered 27/1013, time remaining: 2m 32s
Rendered 28/1013, time remaining: 2m 28s
Rendered 29/1013, time remaining: 2m 25s
Rendered 30/1013, time remaining: 2m 21s
Rendered 31/1013, time remaining: 2m 24s
Rendered 32/1013, time remaining: 2m 21s
Rendered 33/1013, time remaining: 2m 18s
Rendered 34/1013, time remaining: 2m 14s
Rendered 35/1013, time remaining: 2m 19s
Rendered 36/1013, time remaining: 2m 17s
Rendered 37/1013, time remaining: 2m 14s
Rendered 38/1013, time remaining: 2m 11s
Rendered 39/1013, time remaining: 2m 15s
Rendered 40/1013, time remaining: 2m 13s
Rendered 41/1013, time remaining: 2m 11s
Rendered 42/1013, time remaining: 2m 8s
Rendered 43/1013, time remaining: 2m 12s
Rendered 44/1013, time remaining: 2m 10s
Rendered 45/1013, time remaining: 2m 8s
Rendered 46/1013, time remaining: 2m 5s
Rendered 47/1013, time remaining: 2m 9s
Rendered 48/1013, time remaining: 2m 7s
Rendered 49/1013, time remaining: 2m 5s
Rendered 50/1013, time remaining: 2m 3s
Rendered 51/1013, time remaining: 2m 6s
Rendered 52/1013, time remaining: 2m 5s
Rendered 53/1013, time remaining: 2m 5s
Rendered 54/1013, time remaining: 2m 2s
Rendered 55/1013, time remaining: 2m 2s
Rendered 56/1013, time remaining: 2m 3s
Rendered 57/1013, time remaining: 2m 2s
Rendered 58/1013, time remaining: 2m 1s
Rendered 59/1013, time remaining: 1m 59s
Rendered 60/1013, time remaining: 1m 59s
Rendered 61/1013, time remaining: 2m 0s
Rendered 62/1013, time remaining: 1m 59s
Rendered 63/1013, time remaining: 1m 57s
Rendered 64/1013, time remaining: 1m 57s
Rendered 65/1013, time remaining: 1m 57s
Rendered 66/1013, time remaining: 1m 57s
Rendered 67/1013, time remaining: 1m 56s
Rendered 68/1013, time remaining: 1m 55s
Rendered 69/1013, time remaining: 1m 57s
Rendered 70/1013, time remaining: 1m 56s
Rendered 71/1013, time remaining: 1m 55s
Rendered 72/1013, time remaining: 1m 54s
Rendered 73/1013, time remaining: 1m 57s
Rendered 74/1013, time remaining: 1m 56s
Rendered 75/1013, time remaining: 1m 55s
Rendered 76/1013, time remaining: 1m 54s
Rendered 77/1013, time remaining: 1m 55s
Rendered 78/1013, time remaining: 1m 56s
Rendered 79/1013, time remaining: 1m 55s
Rendered 80/1013, time remaining: 1m 54s
Rendered 81/1013, time remaining: 1m 53s
Rendered 82/1013, time remaining: 1m 55s
Rendered 83/1013, time remaining: 1m 54s
Rendered 84/1013, time remaining: 1m 53s
Rendered 85/1013, time remaining: 1m 52s
Rendered 86/1013, time remaining: 1m 53s
Rendered 87/1013, time remaining: 1m 53s
Rendered 88/1013, time remaining: 1m 52s
Rendered 89/1013, time remaining: 1m 51s
Rendered 90/1013, time remaining: 1m 52s
Rendered 91/1013, time remaining: 1m 52s
Rendered 92/1013, time remaining: 1m 51s
Rendered 93/1013, time remaining: 1m 50s
Rendered 94/1013, time remaining: 1m 51s
Rendered 95/1013, time remaining: 1m 50s
Rendered 96/1013, time remaining: 1m 49s
Rendered 97/1013, time remaining: 1m 49s
Rendered 98/1013, time remaining: 1m 50s
Rendered 99/1013, time remaining: 1m 49s
Rendered 100/1013, time remaining: 1m 49s
Rendered 101/1013, time remaining: 1m 48s
Rendered 102/1013, time remaining: 1m 49s
Rendered 103/1013, time remaining: 1m 49s
Rendered 104/1013, time remaining: 1m 48s
Rendered 105/1013, time remaining: 1m 47s
Rendered 106/1013, time remaining: 1m 48s
Rendered 107/1013, time remaining: 1m 47s
Rendered 108/1013, time remaining: 1m 47s
Rendered 109/1013, time remaining: 1m 46s
Rendered 110/1013, time remaining: 1m 47s
Rendered 111/1013, time remaining: 1m 46s
Rendered 112/1013, time remaining: 1m 46s
Rendered 113/1013, time remaining: 1m 45s
Rendered 114/1013, time remaining: 1m 46s
Rendered 115/1013, time remaining: 1m 49s
Rendered 116/1013, time remaining: 1m 48s
Rendered 117/1013, time remaining: 1m 48s
Rendered 118/1013, time remaining: 1m 47s
Rendered 119/1013, time remaining: 1m 49s
Rendered 120/1013, time remaining: 1m 49s
Rendered 121/1013, time remaining: 1m 49s
Rendered 122/1013, time remaining: 1m 48s
Rendered 123/1013, time remaining: 1m 49s
Rendered 124/1013, time remaining: 1m 48s
Rendered 125/1013, time remaining: 1m 49s
Rendered 126/1013, time remaining: 1m 50s
Rendered 127/1013, time remaining: 1m 50s
Rendered 128/1013, time remaining: 1m 49s
Rendered 129/1013, time remaining: 1m 50s
Rendered 130/1013, time remaining: 1m 49s
Rendered 131/1013, time remaining: 1m 49s
Rendered 132/1013, time remaining: 1m 48s
Rendered 133/1013, time remaining: 1m 49s
Rendered 134/1013, time remaining: 1m 48s
Rendered 135/1013, time remaining: 1m 48s
Rendered 136/1013, time remaining: 1m 48s
Rendered 137/1013, time remaining: 1m 48s
Rendered 138/1013, time remaining: 1m 48s
Rendered 139/1013, time remaining: 1m 47s
Rendered 140/1013, time remaining: 1m 47s
Rendered 141/1013, time remaining: 1m 47s
Rendered 142/1013, time remaining: 1m 47s
Rendered 143/1013, time remaining: 1m 47s
Rendered 144/1013, time remaining: 1m 48s
Rendered 145/1013, time remaining: 1m 47s
Rendered 146/1013, time remaining: 1m 47s
Rendered 147/1013, time remaining: 1m 47s
Rendered 148/1013, time remaining: 1m 47s
Rendered 149/1013, time remaining: 1m 46s
Rendered 150/1013, time remaining: 1m 46s
Rendered 151/1013, time remaining: 1m 37s
Rendered 152/1013, time remaining: 1m 37s
Rendered 153/1013, time remaining: 1m 38s
Rendered 154/1013, time remaining: 1m 38s
Rendered 155/1013, time remaining: 1m 38s
Rendered 156/1013, time remaining: 1m 38s
Rendered 157/1013, time remaining: 1m 38s
Rendered 158/1013, time remaining: 1m 38s
Rendered 159/1013, time remaining: 1m 37s
Rendered 160/1013, time remaining: 1m 38s
Rendered 161/1013, time remaining: 1m 38s
Rendered 162/1013, time remaining: 1m 38s
Rendered 163/1013, time remaining: 1m 38s
Rendered 164/1013, time remaining: 1m 38s
Rendered 165/1013, time remaining: 1m 39s
Rendered 166/1013, time remaining: 1m 39s
Rendered 167/1013, time remaining: 1m 38s
Rendered 168/1013, time remaining: 1m 38s
Rendered 169/1013, time remaining: 1m 38s
Rendered 170/1013, time remaining: 1m 39s
Rendered 171/1013, time remaining: 1m 39s
Rendered 172/1013, time remaining: 1m 39s
Rendered 173/1013, time remaining: 1m 38s
Rendered 174/1013, time remaining: 1m 38s
Rendered 175/1013, time remaining: 1m 39s
Rendered 176/1013, time remaining: 1m 39s
Rendered 177/1013, time remaining: 1m 38s
Rendered 178/1013, time remaining: 1m 38s
Rendered 179/1013, time remaining: 1m 39s
Rendered 180/1013, time remaining: 1m 39s
Rendered 181/1013, time remaining: 1m 38s
Rendered 182/1013, time remaining: 1m 38s
Rendered 183/1013, time remaining: 1m 39s
Rendered 184/1013, time remaining: 1m 40s
Rendered 185/1013, time remaining: 1m 38s
Rendered 186/1013, time remaining: 1m 39s
Rendered 187/1013, time remaining: 1m 38s
Rendered 188/1013, time remaining: 1m 39s
Rendered 189/1013, time remaining: 1m 38s
Rendered 190/1013, time remaining: 1m 38s
Rendered 191/1013, time remaining: 1m 38s
Rendered 192/1013, time remaining: 1m 39s
Rendered 193/1013, time remaining: 1m 38s
Rendered 194/1013, time remaining: 1m 38s
Rendered 195/1013, time remaining: 1m 37s
Rendered 196/1013, time remaining: 1m 39s
Rendered 197/1013, time remaining: 1m 38s
Rendered 198/1013, time remaining: 1m 37s
Rendered 199/1013, time remaining: 1m 38s
Rendered 200/1013, time remaining: 1m 39s
Rendered 201/1013, time remaining: 1m 38s
Rendered 202/1013, time remaining: 1m 37s
Rendered 203/1013, time remaining: 1m 37s
Rendered 204/1013, time remaining: 1m 38s
Rendered 205/1013, time remaining: 1m 37s
Rendered 206/1013, time remaining: 1m 37s
Rendered 207/1013, time remaining: 1m 37s
Rendered 208/1013, time remaining: 1m 37s
Rendered 209/1013, time remaining: 1m 37s
Rendered 210/1013, time remaining: 1m 37s
Rendered 211/1013, time remaining: 1m 37s
Rendered 212/1013, time remaining: 1m 37s
Rendered 213/1013, time remaining: 1m 38s
Rendered 214/1013, time remaining: 1m 37s
Rendered 215/1013, time remaining: 1m 38s
Rendered 216/1013, time remaining: 1m 38s
Rendered 217/1013, time remaining: 1m 37s
Rendered 218/1013, time remaining: 1m 38s
Rendered 219/1013, time remaining: 1m 37s
Rendered 220/1013, time remaining: 1m 37s
Rendered 221/1013, time remaining: 1m 37s
Rendered 222/1013, time remaining: 1m 38s
Rendered 223/1013, time remaining: 1m 37s
Rendered 224/1013, time remaining: 1m 37s
Rendered 225/1013, time remaining: 1m 37s
Rendered 226/1013, time remaining: 1m 37s
Rendered 227/1013, time remaining: 1m 37s
Rendered 228/1013, time remaining: 1m 36s
Rendered 229/1013, time remaining: 1m 37s
Rendered 230/1013, time remaining: 1m 37s
Rendered 231/1013, time remaining: 1m 38s
Rendered 232/1013, time remaining: 1m 36s
Rendered 233/1013, time remaining: 1m 37s
Rendered 234/1013, time remaining: 1m 36s
Rendered 235/1013, time remaining: 1m 37s
Rendered 236/1013, time remaining: 1m 36s
Rendered 237/1013, time remaining: 1m 36s
Rendered 238/1013, time remaining: 1m 35s
Rendered 239/1013, time remaining: 1m 36s
Rendered 240/1013, time remaining: 1m 35s
Rendered 241/1013, time remaining: 1m 35s
Rendered 242/1013, time remaining: 1m 34s
Rendered 243/1013, time remaining: 1m 36s
Rendered 244/1013, time remaining: 1m 35s
Rendered 245/1013, time remaining: 1m 34s
Rendered 246/1013, time remaining: 1m 35s
Rendered 247/1013, time remaining: 1m 35s
Rendered 248/1013, time remaining: 1m 34s
Rendered 249/1013, time remaining: 1m 34s
Rendered 250/1013, time remaining: 1m 34s
Rendered 251/1013, time remaining: 1m 34s
Rendered 252/1013, time remaining: 1m 33s
Rendered 253/1013, time remaining: 1m 33s
Rendered 254/1013, time remaining: 1m 33s
Rendered 255/1013, time remaining: 1m 33s
Rendered 256/1013, time remaining: 1m 32s
Rendered 257/1013, time remaining: 1m 32s
Rendered 258/1013, time remaining: 1m 32s
Rendered 259/1013, time remaining: 1m 32s
Rendered 260/1013, time remaining: 1m 31s
Rendered 261/1013, time remaining: 1m 31s
Rendered 262/1013, time remaining: 1m 31s
Rendered 263/1013, time remaining: 1m 31s
Rendered 264/1013, time remaining: 1m 30s
Rendered 265/1013, time remaining: 1m 28s
Rendered 266/1013, time remaining: 1m 28s
Rendered 267/1013, time remaining: 1m 28s
Rendered 268/1013, time remaining: 1m 28s
Rendered 269/1013, time remaining: 1m 26s
Rendered 270/1013, time remaining: 1m 26s
Rendered 271/1013, time remaining: 1m 26s
Rendered 272/1013, time remaining: 1m 26s
Rendered 273/1013, time remaining: 1m 25s
Rendered 274/1013, time remaining: 1m 26s
Rendered 275/1013, time remaining: 1m 24s
Rendered 276/1013, time remaining: 1m 23s
Rendered 277/1013, time remaining: 1m 24s
Rendered 278/1013, time remaining: 1m 24s
Rendered 279/1013, time remaining: 1m 23s
Rendered 280/1013, time remaining: 1m 22s
Rendered 281/1013, time remaining: 1m 23s
Rendered 282/1013, time remaining: 1m 24s
Rendered 283/1013, time remaining: 1m 23s
Rendered 284/1013, time remaining: 1m 22s
Rendered 285/1013, time remaining: 1m 22s
Rendered 286/1013, time remaining: 1m 22s
Rendered 287/1013, time remaining: 1m 21s
Rendered 288/1013, time remaining: 1m 21s
Rendered 289/1013, time remaining: 1m 21s
Rendered 290/1013, time remaining: 1m 21s
Rendered 291/1013, time remaining: 1m 20s
Rendered 292/1013, time remaining: 1m 20s
Rendered 293/1013, time remaining: 1m 20s
Rendered 294/1013, time remaining: 1m 19s
Rendered 295/1013, time remaining: 1m 19s
Rendered 296/1013, time remaining: 1m 19s
Rendered 297/1013, time remaining: 1m 19s
Rendered 298/1013, time remaining: 1m 18s
Rendered 299/1013, time remaining: 1m 18s
Rendered 300/1013, time remaining: 1m 18s
Rendered 301/1013, time remaining: 1m 18s
Rendered 302/1013, time remaining: 1m 17s
Rendered 303/1013, time remaining: 1m 17s
Rendered 304/1013, time remaining: 1m 17s
Rendered 305/1013, time remaining: 1m 17s
Rendered 306/1013, time remaining: 1m 16s
Rendered 307/1013, time remaining: 1m 16s
Rendered 308/1013, time remaining: 1m 16s
Rendered 309/1013, time remaining: 1m 16s
Rendered 310/1013, time remaining: 1m 15s
Rendered 311/1013, time remaining: 1m 15s
Rendered 312/1013, time remaining: 1m 15s
Rendered 313/1013, time remaining: 1m 15s
Rendered 314/1013, time remaining: 1m 15s
Rendered 315/1013, time remaining: 1m 13s
Rendered 316/1013, time remaining: 1m 13s
Rendered 317/1013, time remaining: 1m 13s
Rendered 318/1013, time remaining: 1m 13s
Rendered 319/1013, time remaining: 1m 13s
Rendered 320/1013, time remaining: 1m 13s
Rendered 321/1013, time remaining: 1m 11s
Rendered 322/1013, time remaining: 1m 11s
Rendered 323/1013, time remaining: 1m 12s
Rendered 324/1013, time remaining: 1m 12s
Rendered 325/1013, time remaining: 1m 10s
Rendered 326/1013, time remaining: 1m 10s
Rendered 327/1013, time remaining: 1m 10s
Rendered 328/1013, time remaining: 1m 10s
Rendered 329/1013, time remaining: 1m 9s
Rendered 330/1013, time remaining: 1m 10s
Rendered 331/1013, time remaining: 1m 10s
Rendered 332/1013, time remaining: 1m 10s
Rendered 333/1013, time remaining: 1m 9s
Rendered 334/1013, time remaining: 1m 9s
Rendered 335/1013, time remaining: 1m 9s
Rendered 336/1013, time remaining: 1m 8s
Rendered 337/1013, time remaining: 1m 8s
Rendered 338/1013, time remaining: 1m 8s
Rendered 339/1013, time remaining: 1m 8s
Rendered 340/1013, time remaining: 1m 8s
Rendered 341/1013, time remaining: 1m 8s
Rendered 342/1013, time remaining: 1m 7s
Rendered 343/1013, time remaining: 1m 8s
Rendered 344/1013, time remaining: 1m 7s
Rendered 345/1013, time remaining: 1m 7s
Rendered 346/1013, time remaining: 1m 6s
Rendered 347/1013, time remaining: 1m 6s
Rendered 348/1013, time remaining: 1m 6s
Rendered 349/1013, time remaining: 1m 6s
Rendered 350/1013, time remaining: 1m 5s
Rendered 351/1013, time remaining: 1m 5s
Rendered 352/1013, time remaining: 1m 5s
Rendered 353/1013, time remaining: 1m 5s
Rendered 354/1013, time remaining: 1m 4s
Rendered 355/1013, time remaining: 1m 4s
Rendered 356/1013, time remaining: 1m 4s
Rendered 357/1013, time remaining: 1m 4s
Rendered 358/1013, time remaining: 1m 4s
Rendered 359/1013, time remaining: 1m 4s
Rendered 360/1013, time remaining: 1m 3s
Rendered 361/1013, time remaining: 1m 3s
Rendered 362/1013, time remaining: 1m 3s
Rendered 363/1013, time remaining: 1m 2s
Rendered 364/1013, time remaining: 1m 2s
Rendered 365/1013, time remaining: 1m 1s
Rendered 366/1013, time remaining: 1m 1s
Rendered 367/1013, time remaining: 1m 1s
Rendered 368/1013, time remaining: 1m 1s
Rendered 369/1013, time remaining: 1m 1s
Rendered 370/1013, time remaining: 1m 1s
Rendered 371/1013, time remaining: 1m 0s
Rendered 372/1013, time remaining: 1m 0s
Rendered 373/1013, time remaining: 1m 1s
Rendered 374/1013, time remaining: 1m 0s
Rendered 375/1013, time remaining: 1m 0s
Rendered 376/1013, time remaining: 59s
Rendered 377/1013, time remaining: 1m 0s
Rendered 378/1013, time remaining: 1m 0s
Rendered 379/1013, time remaining: 58s
Rendered 380/1013, time remaining: 58s
Rendered 381/1013, time remaining: 58s
Rendered 382/1013, time remaining: 58s
Rendered 383/1013, time remaining: 58s
Rendered 384/1013, time remaining: 58s
Rendered 385/1013, time remaining: 58s
Rendered 386/1013, time remaining: 58s
Rendered 387/1013, time remaining: 58s
Rendered 388/1013, time remaining: 58s
Rendered 389/1013, time remaining: 58s
Rendered 390/1013, time remaining: 57s
Rendered 391/1013, time remaining: 58s
Rendered 392/1013, time remaining: 58s
Rendered 393/1013, time remaining: 56s
Rendered 394/1013, time remaining: 57s
Rendered 395/1013, time remaining: 57s
Rendered 396/1013, time remaining: 57s
Rendered 397/1013, time remaining: 56s
Rendered 398/1013, time remaining: 56s
Rendered 399/1013, time remaining: 56s
Rendered 400/1013, time remaining: 56s
Rendered 401/1013, time remaining: 56s
Rendered 402/1013, time remaining: 56s
Rendered 403/1013, time remaining: 55s
Rendered 404/1013, time remaining: 56s
Rendered 405/1013, time remaining: 56s
Rendered 406/1013, time remaining: 56s
Rendered 407/1013, time remaining: 55s
Rendered 408/1013, time remaining: 55s
Rendered 409/1013, time remaining: 55s
Rendered 410/1013, time remaining: 56s
Rendered 411/1013, time remaining: 55s
Rendered 412/1013, time remaining: 55s
Rendered 413/1013, time remaining: 55s
Rendered 414/1013, time remaining: 56s
Rendered 415/1013, time remaining: 55s
Rendered 416/1013, time remaining: 55s
Rendered 417/1013, time remaining: 55s
Rendered 418/1013, time remaining: 56s
Rendered 419/1013, time remaining: 56s
Rendered 420/1013, time remaining: 55s
Rendered 421/1013, time remaining: 55s
Rendered 422/1013, time remaining: 55s
Rendered 423/1013, time remaining: 55s
Rendered 424/1013, time remaining: 55s
Rendered 425/1013, time remaining: 55s
Rendered 426/1013, time remaining: 54s
Rendered 427/1013, time remaining: 54s
Rendered 428/1013, time remaining: 54s
Rendered 429/1013, time remaining: 54s
Rendered 430/1013, time remaining: 54s
Rendered 431/1013, time remaining: 54s
Rendered 432/1013, time remaining: 54s
Rendered 433/1013, time remaining: 54s
Rendered 434/1013, time remaining: 53s
Rendered 435/1013, time remaining: 53s
Rendered 436/1013, time remaining: 54s
Rendered 437/1013, time remaining: 53s
Rendered 438/1013, time remaining: 53s
Rendered 439/1013, time remaining: 53s
Rendered 440/1013, time remaining: 53s
Rendered 441/1013, time remaining: 53s
Rendered 442/1013, time remaining: 53s
Rendered 443/1013, time remaining: 53s
Rendered 444/1013, time remaining: 53s
Rendered 445/1013, time remaining: 53s
Rendered 446/1013, time remaining: 53s
Rendered 447/1013, time remaining: 53s
Rendered 448/1013, time remaining: 52s
Rendered 449/1013, time remaining: 53s
Rendered 450/1013, time remaining: 53s
Rendered 451/1013, time remaining: 53s
Rendered 452/1013, time remaining: 53s
Rendered 453/1013, time remaining: 53s
Rendered 454/1013, time remaining: 54s
Rendered 455/1013, time remaining: 54s
Rendered 456/1013, time remaining: 54s
Rendered 457/1013, time remaining: 54s
Rendered 458/1013, time remaining: 54s
Rendered 459/1013, time remaining: 53s
Rendered 460/1013, time remaining: 53s
Rendered 461/1013, time remaining: 54s
Rendered 462/1013, time remaining: 54s
Rendered 463/1013, time remaining: 53s
Rendered 464/1013, time remaining: 53s
Rendered 465/1013, time remaining: 53s
Rendered 466/1013, time remaining: 53s
Rendered 467/1013, time remaining: 53s
Rendered 468/1013, time remaining: 53s
Rendered 469/1013, time remaining: 52s
Rendered 470/1013, time remaining: 53s
Rendered 471/1013, time remaining: 53s
Rendered 472/1013, time remaining: 53s
Rendered 473/1013, time remaining: 53s
Rendered 474/1013, time remaining: 53s
Rendered 475/1013, time remaining: 53s
Rendered 476/1013, time remaining: 52s
Rendered 477/1013, time remaining: 52s
Rendered 478/1013, time remaining: 52s
Rendered 479/1013, time remaining: 53s
Rendered 480/1013, time remaining: 52s
Rendered 481/1013, time remaining: 52s
Rendered 482/1013, time remaining: 52s
Rendered 483/1013, time remaining: 52s
Rendered 484/1013, time remaining: 52s
Rendered 485/1013, time remaining: 51s
Rendered 486/1013, time remaining: 51s
Rendered 487/1013, time remaining: 52s
Rendered 488/1013, time remaining: 52s
Rendered 489/1013, time remaining: 51s
Rendered 490/1013, time remaining: 51s
Rendered 491/1013, time remaining: 51s
Rendered 492/1013, time remaining: 51s
Rendered 493/1013, time remaining: 51s
Rendered 494/1013, time remaining: 50s
Rendered 495/1013, time remaining: 50s
Rendered 496/1013, time remaining: 50s
Rendered 497/1013, time remaining: 50s
Rendered 498/1013, time remaining: 50s
Rendered 499/1013, time remaining: 50s
Rendered 500/1013, time remaining: 50s
Rendered 501/1013, time remaining: 50s
Rendered 502/1013, time remaining: 50s
Rendered 503/1013, time remaining: 50s
Rendered 504/1013, time remaining: 50s
Rendered 505/1013, time remaining: 49s
Rendered 506/1013, time remaining: 49s
Rendered 507/1013, time remaining: 49s
Rendered 508/1013, time remaining: 49s
Rendered 509/1013, time remaining: 49s
Rendered 510/1013, time remaining: 49s
Rendered 511/1013, time remaining: 49s
Rendered 512/1013, time remaining: 49s
Rendered 513/1013, time remaining: 49s
Rendered 514/1013, time remaining: 49s
Rendered 515/1013, time remaining: 48s
Rendered 516/1013, time remaining: 48s
Rendered 517/1013, time remaining: 48s
Rendered 518/1013, time remaining: 48s
Rendered 519/1013, time remaining: 48s
Rendered 520/1013, time remaining: 48s
Rendered 521/1013, time remaining: 48s
Rendered 522/1013, time remaining: 48s
Rendered 523/1013, time remaining: 47s
Rendered 524/1013, time remaining: 47s
Rendered 525/1013, time remaining: 47s
Rendered 526/1013, time remaining: 47s
Rendered 527/1013, time remaining: 46s
Rendered 528/1013, time remaining: 46s
Rendered 529/1013, time remaining: 46s
Rendered 530/1013, time remaining: 46s
Rendered 531/1013, time remaining: 46s
Rendered 532/1013, time remaining: 46s
Rendered 533/1013, time remaining: 46s
Rendered 534/1013, time remaining: 46s
Rendered 535/1013, time remaining: 45s
Rendered 536/1013, time remaining: 45s
Rendered 537/1013, time remaining: 45s
Rendered 538/1013, time remaining: 45s
Rendered 539/1013, time remaining: 45s
Rendered 540/1013, time remaining: 45s
Rendered 541/1013, time remaining: 45s
Rendered 542/1013, time remaining: 45s
Rendered 543/1013, time remaining: 44s
Rendered 544/1013, time remaining: 45s
Rendered 545/1013, time remaining: 45s
Rendered 546/1013, time remaining: 45s
Rendered 547/1013, time remaining: 45s
Rendered 548/1013, time remaining: 45s
Rendered 549/1013, time remaining: 45s
Rendered 550/1013, time remaining: 44s
Rendered 551/1013, time remaining: 44s
Rendered 552/1013, time remaining: 44s
Rendered 553/1013, time remaining: 44s
Rendered 554/1013, time remaining: 44s
Rendered 555/1013, time remaining: 44s
Rendered 556/1013, time remaining: 43s
Rendered 557/1013, time remaining: 44s
Rendered 558/1013, time remaining: 44s
Rendered 559/1013, time remaining: 44s
Rendered 560/1013, time remaining: 43s
Rendered 561/1013, time remaining: 43s
Rendered 562/1013, time remaining: 43s
Rendered 563/1013, time remaining: 43s
Rendered 564/1013, time remaining: 42s
Rendered 565/1013, time remaining: 43s
Rendered 566/1013, time remaining: 43s
Rendered 567/1013, time remaining: 43s
Rendered 568/1013, time remaining: 42s
Rendered 569/1013, time remaining: 42s
Rendered 570/1013, time remaining: 42s
Rendered 571/1013, time remaining: 42s
Rendered 572/1013, time remaining: 42s
Rendered 573/1013, time remaining: 42s
Rendered 574/1013, time remaining: 42s
Rendered 575/1013, time remaining: 42s
Rendered 576/1013, time remaining: 42s
Rendered 577/1013, time remaining: 41s
Rendered 578/1013, time remaining: 41s
Rendered 579/1013, time remaining: 41s
Rendered 580/1013, time remaining: 41s
Rendered 581/1013, time remaining: 41s
Rendered 582/1013, time remaining: 41s
Rendered 583/1013, time remaining: 41s
Rendered 584/1013, time remaining: 41s
Rendered 585/1013, time remaining: 41s
Rendered 586/1013, time remaining: 40s
Rendered 587/1013, time remaining: 40s
Rendered 588/1013, time remaining: 40s
Rendered 589/1013, time remaining: 40s
Rendered 590/1013, time remaining: 40s
Rendered 591/1013, time remaining: 40s
Rendered 592/1013, time remaining: 40s
Rendered 593/1013, time remaining: 40s
Rendered 594/1013, time remaining: 40s
Rendered 595/1013, time remaining: 40s
Rendered 596/1013, time remaining: 39s
Rendered 597/1013, time remaining: 39s
Rendered 598/1013, time remaining: 39s
Rendered 599/1013, time remaining: 39s
Rendered 600/1013, time remaining: 38s
Rendered 601/1013, time remaining: 38s
Rendered 602/1013, time remaining: 38s
Rendered 603/1013, time remaining: 38s
Rendered 604/1013, time remaining: 38s
Rendered 605/1013, time remaining: 37s
Rendered 606/1013, time remaining: 37s
Rendered 607/1013, time remaining: 37s
Rendered 608/1013, time remaining: 37s
Rendered 609/1013, time remaining: 37s
Rendered 610/1013, time remaining: 37s
Rendered 611/1013, time remaining: 36s
Rendered 612/1013, time remaining: 36s
Rendered 613/1013, time remaining: 36s
Rendered 614/1013, time remaining: 36s
Rendered 615/1013, time remaining: 36s
Rendered 616/1013, time remaining: 36s
Rendered 617/1013, time remaining: 36s
Rendered 618/1013, time remaining: 36s
Rendered 619/1013, time remaining: 36s
Rendered 620/1013, time remaining: 35s
Rendered 621/1013, time remaining: 35s
Rendered 622/1013, time remaining: 36s
Rendered 623/1013, time remaining: 35s
Rendered 624/1013, time remaining: 35s
Rendered 625/1013, time remaining: 35s
Rendered 626/1013, time remaining: 35s
Rendered 627/1013, time remaining: 35s
Rendered 628/1013, time remaining: 35s
Rendered 629/1013, time remaining: 35s
Rendered 630/1013, time remaining: 35s
Rendered 631/1013, time remaining: 35s
Rendered 632/1013, time remaining: 35s
Rendered 633/1013, time remaining: 35s
Rendered 634/1013, time remaining: 35s
Rendered 635/1013, time remaining: 35s
Rendered 636/1013, time remaining: 35s
Rendered 637/1013, time remaining: 34s
Rendered 638/1013, time remaining: 34s
Rendered 639/1013, time remaining: 34s
Rendered 640/1013, time remaining: 34s
Rendered 641/1013, time remaining: 34s
Rendered 642/1013, time remaining: 34s
Rendered 643/1013, time remaining: 34s
Rendered 644/1013, time remaining: 34s
Rendered 645/1013, time remaining: 34s
Rendered 646/1013, time remaining: 34s
Rendered 647/1013, time remaining: 33s
Rendered 648/1013, time remaining: 33s
Rendered 649/1013, time remaining: 33s
Rendered 650/1013, time remaining: 33s
Rendered 651/1013, time remaining: 33s
Rendered 652/1013, time remaining: 33s
Rendered 653/1013, time remaining: 33s
Rendered 654/1013, time remaining: 33s
Rendered 655/1013, time remaining: 33s
Rendered 656/1013, time remaining: 33s
Rendered 657/1013, time remaining: 32s
Rendered 658/1013, time remaining: 33s
Rendered 659/1013, time remaining: 32s
Rendered 660/1013, time remaining: 32s
Rendered 661/1013, time remaining: 32s
Rendered 662/1013, time remaining: 33s
Rendered 663/1013, time remaining: 32s
Rendered 664/1013, time remaining: 32s
Rendered 665/1013, time remaining: 32s
Rendered 666/1013, time remaining: 32s
Rendered 667/1013, time remaining: 32s
Rendered 668/1013, time remaining: 32s
Rendered 669/1013, time remaining: 31s
Rendered 670/1013, time remaining: 32s
Rendered 671/1013, time remaining: 32s
Rendered 672/1013, time remaining: 31s
Rendered 673/1013, time remaining: 31s
Rendered 674/1013, time remaining: 32s
Rendered 675/1013, time remaining: 32s
Rendered 676/1013, time remaining: 32s
Rendered 677/1013, time remaining: 32s
Rendered 678/1013, time remaining: 32s
Rendered 679/1013, time remaining: 32s
Rendered 680/1013, time remaining: 32s
Rendered 681/1013, time remaining: 32s
Rendered 682/1013, time remaining: 32s
Rendered 683/1013, time remaining: 32s
Rendered 684/1013, time remaining: 32s
Rendered 685/1013, time remaining: 32s
Rendered 686/1013, time remaining: 31s
Rendered 687/1013, time remaining: 32s
Rendered 688/1013, time remaining: 31s
Rendered 689/1013, time remaining: 31s
Rendered 690/1013, time remaining: 31s
Rendered 691/1013, time remaining: 31s
Rendered 692/1013, time remaining: 31s
Rendered 693/1013, time remaining: 31s
Rendered 694/1013, time remaining: 30s
Rendered 695/1013, time remaining: 31s
Rendered 696/1013, time remaining: 31s
Rendered 697/1013, time remaining: 30s
Rendered 698/1013, time remaining: 30s
Rendered 699/1013, time remaining: 30s
Rendered 700/1013, time remaining: 30s
Rendered 701/1013, time remaining: 30s
Rendered 702/1013, time remaining: 30s
Rendered 703/1013, time remaining: 30s
Rendered 704/1013, time remaining: 30s
Rendered 705/1013, time remaining: 30s
Rendered 706/1013, time remaining: 30s
Rendered 707/1013, time remaining: 29s
Rendered 708/1013, time remaining: 29s
Rendered 709/1013, time remaining: 29s
Rendered 710/1013, time remaining: 29s
Rendered 711/1013, time remaining: 29s
Rendered 712/1013, time remaining: 29s
Rendered 713/1013, time remaining: 29s
Rendered 714/1013, time remaining: 29s
Rendered 715/1013, time remaining: 29s
Rendered 716/1013, time remaining: 29s
Rendered 717/1013, time remaining: 29s
Rendered 718/1013, time remaining: 29s
Rendered 719/1013, time remaining: 28s
Rendered 720/1013, time remaining: 29s
Rendered 721/1013, time remaining: 29s
Rendered 722/1013, time remaining: 29s
Rendered 723/1013, time remaining: 28s
Rendered 724/1013, time remaining: 28s
Rendered 725/1013, time remaining: 28s
Rendered 726/1013, time remaining: 28s
Rendered 727/1013, time remaining: 28s
Rendered 728/1013, time remaining: 28s
Rendered 729/1013, time remaining: 28s
Rendered 730/1013, time remaining: 28s
Rendered 731/1013, time remaining: 28s
Rendered 732/1013, time remaining: 28s
Rendered 733/1013, time remaining: 27s
Rendered 734/1013, time remaining: 28s
Rendered 735/1013, time remaining: 27s
Rendered 736/1013, time remaining: 27s
Rendered 737/1013, time remaining: 27s
Rendered 738/1013, time remaining: 27s
Rendered 739/1013, time remaining: 27s
Rendered 740/1013, time remaining: 27s
Rendered 741/1013, time remaining: 27s
Rendered 742/1013, time remaining: 27s
Rendered 743/1013, time remaining: 27s
Rendered 744/1013, time remaining: 27s
Rendered 745/1013, time remaining: 26s
Rendered 746/1013, time remaining: 26s
Rendered 747/1013, time remaining: 26s
Rendered 748/1013, time remaining: 26s
Rendered 749/1013, time remaining: 26s
Rendered 750/1013, time remaining: 26s
Rendered 751/1013, time remaining: 26s
Rendered 752/1013, time remaining: 26s
Rendered 753/1013, time remaining: 26s
Rendered 754/1013, time remaining: 25s
Rendered 755/1013, time remaining: 26s
Rendered 756/1013, time remaining: 26s
Rendered 757/1013, time remaining: 25s
Rendered 758/1013, time remaining: 25s
Rendered 759/1013, time remaining: 25s
Rendered 760/1013, time remaining: 25s
Rendered 761/1013, time remaining: 25s
Rendered 762/1013, time remaining: 25s
Rendered 763/1013, time remaining: 25s
Rendered 764/1013, time remaining: 25s
Rendered 765/1013, time remaining: 25s
Rendered 766/1013, time remaining: 25s
Rendered 767/1013, time remaining: 24s
Rendered 768/1013, time remaining: 24s
Rendered 769/1013, time remaining: 24s
Rendered 770/1013, time remaining: 24s
Rendered 771/1013, time remaining: 24s
Rendered 772/1013, time remaining: 24s
Rendered 773/1013, time remaining: 24s
Rendered 774/1013, time remaining: 24s
Rendered 775/1013, time remaining: 24s
Rendered 776/1013, time remaining: 23s
Rendered 777/1013, time remaining: 23s
Rendered 778/1013, time remaining: 23s
Rendered 779/1013, time remaining: 23s
Rendered 780/1013, time remaining: 23s
Rendered 781/1013, time remaining: 23s
Rendered 782/1013, time remaining: 23s
Rendered 783/1013, time remaining: 23s
Rendered 784/1013, time remaining: 22s
Rendered 785/1013, time remaining: 22s
Rendered 786/1013, time remaining: 22s
Rendered 787/1013, time remaining: 22s
Rendered 788/1013, time remaining: 22s
Rendered 789/1013, time remaining: 22s
Rendered 790/1013, time remaining: 22s
Rendered 791/1013, time remaining: 22s
Rendered 792/1013, time remaining: 22s
Rendered 793/1013, time remaining: 22s
Rendered 794/1013, time remaining: 22s
Rendered 795/1013, time remaining: 21s
Rendered 796/1013, time remaining: 21s
Rendered 797/1013, time remaining: 21s
Rendered 798/1013, time remaining: 21s
Rendered 799/1013, time remaining: 21s
Rendered 800/1013, time remaining: 21s
Rendered 801/1013, time remaining: 21s
Rendered 802/1013, time remaining: 21s
Rendered 803/1013, time remaining: 21s
Rendered 804/1013, time remaining: 21s
Rendered 805/1013, time remaining: 21s
Rendered 806/1013, time remaining: 21s
Rendered 807/1013, time remaining: 21s
Rendered 808/1013, time remaining: 20s
Rendered 809/1013, time remaining: 20s
Rendered 810/1013, time remaining: 20s
Rendered 811/1013, time remaining: 20s
Rendered 812/1013, time remaining: 20s
Rendered 813/1013, time remaining: 20s
Rendered 814/1013, time remaining: 20s
Rendered 815/1013, time remaining: 20s
Rendered 816/1013, time remaining: 19s
Rendered 817/1013, time remaining: 19s
Rendered 818/1013, time remaining: 19s
Rendered 819/1013, time remaining: 19s
Rendered 820/1013, time remaining: 19s
Rendered 821/1013, time remaining: 19s
Rendered 822/1013, time remaining: 19s
Rendered 823/1013, time remaining: 19s
Rendered 824/1013, time remaining: 18s
Rendered 825/1013, time remaining: 18s
Rendered 826/1013, time remaining: 18s
Rendered 827/1013, time remaining: 18s
Rendered 828/1013, time remaining: 18s
Rendered 829/1013, time remaining: 18s
Rendered 830/1013, time remaining: 18s
Rendered 831/1013, time remaining: 18s
Rendered 832/1013, time remaining: 18s
Rendered 833/1013, time remaining: 17s
Rendered 834/1013, time remaining: 17s
Rendered 835/1013, time remaining: 17s
Rendered 836/1013, time remaining: 17s
Rendered 837/1013, time remaining: 17s
Rendered 838/1013, time remaining: 17s
Rendered 839/1013, time remaining: 17s
Rendered 840/1013, time remaining: 17s
Rendered 841/1013, time remaining: 17s
Rendered 842/1013, time remaining: 16s
Rendered 843/1013, time remaining: 17s
Rendered 844/1013, time remaining: 16s
Rendered 845/1013, time remaining: 16s
Rendered 846/1013, time remaining: 16s
Rendered 847/1013, time remaining: 16s
Rendered 848/1013, time remaining: 16s
Rendered 849/1013, time remaining: 16s
Rendered 850/1013, time remaining: 16s
Rendered 851/1013, time remaining: 16s
Rendered 852/1013, time remaining: 15s
Rendered 853/1013, time remaining: 15s
Rendered 854/1013, time remaining: 15s
Rendered 855/1013, time remaining: 15s
Rendered 856/1013, time remaining: 15s
Rendered 857/1013, time remaining: 15s
Rendered 858/1013, time remaining: 15s
Rendered 859/1013, time remaining: 15s
Rendered 860/1013, time remaining: 15s
Rendered 861/1013, time remaining: 15s
Rendered 862/1013, time remaining: 14s
Rendered 863/1013, time remaining: 14s
Rendered 864/1013, time remaining: 14s
Rendered 865/1013, time remaining: 14s
Rendered 866/1013, time remaining: 14s
Rendered 867/1013, time remaining: 14s
Rendered 868/1013, time remaining: 14s
Rendered 869/1013, time remaining: 14s
Rendered 870/1013, time remaining: 13s
Rendered 871/1013, time remaining: 13s
Rendered 872/1013, time remaining: 13s
Rendered 873/1013, time remaining: 13s
Rendered 874/1013, time remaining: 13s
Rendered 875/1013, time remaining: 13s
Rendered 876/1013, time remaining: 13s
Rendered 877/1013, time remaining: 13s
Rendered 878/1013, time remaining: 13s
Rendered 879/1013, time remaining: 12s
Rendered 880/1013, time remaining: 12s
Rendered 881/1013, time remaining: 12s
Rendered 882/1013, time remaining: 12s
Rendered 883/1013, time remaining: 12s
Rendered 884/1013, time remaining: 12s
Rendered 885/1013, time remaining: 12s
Rendered 886/1013, time remaining: 12s
Rendered 887/1013, time remaining: 12s
Rendered 888/1013, time remaining: 12s
Rendered 889/1013, time remaining: 12s
Rendered 890/1013, time remaining: 12s
Rendered 891/1013, time remaining: 11s
Rendered 892/1013, time remaining: 11s
Rendered 893/1013, time remaining: 11s
Rendered 894/1013, time remaining: 11s
Rendered 895/1013, time remaining: 11s
Rendered 896/1013, time remaining: 11s
Rendered 897/1013, time remaining: 11s
Rendered 898/1013, time remaining: 11s
Rendered 899/1013, time remaining: 11s
Rendered 900/1013, time remaining: 11s
Rendered 901/1013, time remaining: 11s
Rendered 902/1013, time remaining: 11s
Rendered 903/1013, time remaining: 11s
Rendered 904/1013, time remaining: 10s
Rendered 905/1013, time remaining: 10s
Rendered 906/1013, time remaining: 10s
Rendered 907/1013, time remaining: 10s
Rendered 908/1013, time remaining: 10s
Rendered 909/1013, time remaining: 10s
Rendered 910/1013, time remaining: 10s
Rendered 911/1013, time remaining: 10s
Rendered 912/1013, time remaining: 10s
Rendered 913/1013, time remaining: 9s
Rendered 914/1013, time remaining: 9s
Rendered 915/1013, time remaining: 9s
Rendered 916/1013, time remaining: 9s
Rendered 917/1013, time remaining: 9s
Rendered 918/1013, time remaining: 9s
Rendered 919/1013, time remaining: 9s
Rendered 920/1013, time remaining: 9s
Rendered 921/1013, time remaining: 9s
Rendered 922/1013, time remaining: 9s
Rendered 923/1013, time remaining: 8s
Rendered 924/1013, time remaining: 8s
Rendered 925/1013, time remaining: 8s
Rendered 926/1013, time remaining: 8s
Rendered 927/1013, time remaining: 8s
Rendered 928/1013, time remaining: 8s
Rendered 929/1013, time remaining: 8s
Rendered 930/1013, time remaining: 8s
Rendered 931/1013, time remaining: 8s
Rendered 932/1013, time remaining: 8s
Rendered 933/1013, time remaining: 8s
Rendered 934/1013, time remaining: 7s
Rendered 935/1013, time remaining: 7s
Rendered 936/1013, time remaining: 7s
Rendered 937/1013, time remaining: 7s
Rendered 938/1013, time remaining: 7s
Rendered 939/1013, time remaining: 7s
Rendered 940/1013, time remaining: 7s
Rendered 941/1013, time remaining: 7s
Rendered 942/1013, time remaining: 7s
Rendered 943/1013, time remaining: 7s
Rendered 944/1013, time remaining: 6s
Rendered 945/1013, time remaining: 6s
Rendered 946/1013, time remaining: 6s
Rendered 947/1013, time remaining: 6s
Rendered 948/1013, time remaining: 6s
Rendered 949/1013, time remaining: 6s
Rendered 950/1013, time remaining: 6s
Rendered 951/1013, time remaining: 6s
Rendered 952/1013, time remaining: 6s
Rendered 953/1013, time remaining: 6s
Rendered 954/1013, time remaining: 5s
Rendered 955/1013, time remaining: 5s
Rendered 956/1013, time remaining: 5s
Rendered 957/1013, time remaining: 5s
Rendered 958/1013, time remaining: 5s
Rendered 959/1013, time remaining: 5s
Rendered 960/1013, time remaining: 5s
Rendered 961/1013, time remaining: 5s
Rendered 962/1013, time remaining: 5s
Rendered 963/1013, time remaining: 5s
Rendered 964/1013, time remaining: 4s
Rendered 965/1013, time remaining: 4s
Rendered 966/1013, time remaining: 4s
Rendered 967/1013, time remaining: 4s
Rendered 968/1013, time remaining: 4s
Rendered 969/1013, time remaining: 4s
Rendered 970/1013, time remaining: 4s
Rendered 971/1013, time remaining: 4s
Rendered 972/1013, time remaining: 4s
Rendered 973/1013, time remaining: 3s
Rendered 974/1013, time remaining: 3s
Rendered 975/1013, time remaining: 3s
Rendered 976/1013, time remaining: 3s
Rendered 977/1013, time remaining: 3s
Rendered 978/1013, time remaining: 3s
Rendered 979/1013, time remaining: 3s
Rendered 980/1013, time remaining: 3s
Rendered 981/1013, time remaining: 3s
Rendered 982/1013, time remaining: 3s
Rendered 983/1013, time remaining: 2s
Rendered 984/1013, time remaining: 2s
Rendered 985/1013, time remaining: 2s
Rendered 986/1013, time remaining: 2s
Rendered 987/1013, time remaining: 2s
Rendered 988/1013, time remaining: 2s
Rendered 989/1013, time remaining: 2s
Rendered 990/1013, time remaining: 2s
Rendered 991/1013, time remaining: 2s
Rendered 992/1013, time remaining: 2s
Rendered 993/1013, time remaining: 1s
Rendered 994/1013, time remaining: 1s
Rendered 995/1013, time remaining: 1s
Rendered 996/1013, time remaining: 1s
Rendered 997/1013, time remaining: 1s
Rendered 998/1013, time remaining: 1s
Rendered 999/1013, time remaining: 1s
Rendered 1000/1013, time remaining: 1s
Rendered 1001/1013, time remaining: 1s
Rendered 1002/1013, time remaining: 1s
Rendered 1003/1013, time remaining: 0s
Rendered 1004/1013, time remaining: 0s
Rendered 1005/1013, time remaining: 0s
Rendered 1006/1013, time remaining: 0s
Rendered 1007/1013, time remaining: 0s
Rendered 1008/1013, time remaining: 0s
Rendered 1009/1013, time remaining: 0s
Rendered 1010/1013, time remaining: 0s
Rendered 1011/1013, time remaining: 0s
Rendered 1012/1013, time remaining: 0s
Rendered 1013/1013
Encoded 2/1013
Encoded 7/1013
Encoded 17/1013
Encoded 29/1013
Encoded 39/1013
Encoded 47/1013
Encoded 57/1013
Encoded 66/1013
Encoded 75/1013
Encoded 85/1013
Encoded 94/1013
Encoded 106/1013
Encoded 116/1013
Encoded 127/1013
Encoded 137/1013
Encoded 147/1013
Encoded 157/1013
Encoded 169/1013
Encoded 179/1013
Encoded 190/1013
Encoded 201/1013
Encoded 215/1013
Encoded 224/1013
Encoded 234/1013
Encoded 245/1013
Encoded 255/1013
Encoded 266/1013
Encoded 277/1013
Encoded 286/1013
Encoded 298/1013
Encoded 306/1013
Encoded 318/1013
Encoded 326/1013
Encoded 337/1013
Encoded 345/1013
Encoded 360/1013
Encoded 368/1013
Encoded 377/1013
Encoded 389/1013
Encoded 398/1013
Encoded 405/1013
Encoded 411/1013
Encoded 419/1013
Encoded 426/1013
Encoded 435/1013
Encoded 444/1013
Encoded 452/1013
Encoded 464/1013
Encoded 474/1013
Encoded 487/1013
Encoded 499/1013
Encoded 507/1013
Encoded 518/1013
Encoded 530/1013
Encoded 542/1013
Encoded 551/1013
Encoded 562/1013
Encoded 572/1013
Encoded 584/1013
Encoded 595/1013
Encoded 604/1013
Encoded 614/1013
Encoded 622/1013
Encoded 634/1013
Encoded 640/1013
Encoded 651/1013
Encoded 661/1013
Encoded 672/1013
Encoded 682/1013
Encoded 690/1013
Encoded 701/1013
Encoded 713/1013
Encoded 723/1013
Encoded 734/1013
Encoded 745/1013
Encoded 758/1013
Encoded 768/1013
Encoded 780/1013
Encoded 793/1013
Encoded 804/1013
Encoded 816/1013
Encoded 829/1013
Encoded 840/1013
Encoded 851/1013
Encoded 861/1013
Encoded 871/1013
Encoded 881/1013
Encoded 888/1013
Encoded 898/1013
Encoded 910/1013
Encoded 916/1013
Encoded 925/1013
Encoded 933/1013
Encoded 943/1013
Encoded 952/1013
Encoded 966/1013
Encoded 979/1013
Encoded 994/1013
Encoded 1006/1013
Encoded 1013/1013
+                    out/vox.mp4 28.4 MB
